2026-05-19 20:10:51,899 INFO o.a.j.u.JMeterUtils: Setting Locale to en_EN
2026-05-19 20:10:52,021 INFO o.a.j.JMeter: Loading user properties from: C:\Users\Liceth\Downloads\apache-jmeter-5.6.3\bin\user.properties
2026-05-19 20:10:52,081 INFO o.a.j.JMeter: Loading system properties from: C:\Users\Liceth\Downloads\apache-jmeter-5.6.3\bin\system.properties
2026-05-19 20:10:52,103 INFO o.a.j.JMeter: Copyright (c) 1998-2024 The Apache Software Foundation
2026-05-19 20:10:52,104 INFO o.a.j.JMeter: Version 5.6.3
2026-05-19 20:10:52,104 INFO o.a.j.JMeter: java.version=21.0.6
2026-05-19 20:10:52,104 INFO o.a.j.JMeter: java.vm.name=Java HotSpot(TM) 64-Bit Server VM
2026-05-19 20:10:52,104 INFO o.a.j.JMeter: os.name=Windows 10
2026-05-19 20:10:52,120 INFO o.a.j.JMeter: os.arch=amd64
2026-05-19 20:10:52,125 INFO o.a.j.JMeter: os.version=10.0
2026-05-19 20:10:52,125 INFO o.a.j.JMeter: file.encoding=UTF-8
2026-05-19 20:10:52,125 INFO o.a.j.JMeter: java.awt.headless=null
2026-05-19 20:10:52,126 INFO o.a.j.JMeter: Max memory     =1073741824
2026-05-19 20:10:52,126 INFO o.a.j.JMeter: Available Processors =8
2026-05-19 20:10:52,155 INFO o.a.j.JMeter: Default Locale=English (EN)
2026-05-19 20:10:52,155 INFO o.a.j.JMeter: JMeter  Locale=English (EN)
2026-05-19 20:10:52,156 INFO o.a.j.JMeter: JMeterHome=C:\Users\Liceth\Downloads\apache-jmeter-5.6.3
2026-05-19 20:10:52,156 INFO o.a.j.JMeter: user.dir  =D:\LugaresTuristicosSOFTI
2026-05-19 20:10:52,156 INFO o.a.j.JMeter: PWD       =D:\LugaresTuristicosSOFTI
2026-05-19 20:10:52,159 INFO o.a.j.JMeter: IP: 172.22.64.1 Name: DESKTOP-ORN6PMA FullName: DESKTOP-ORN6PMA.mshome.net
2026-05-19 20:10:52,189 INFO o.a.j.JMeter: Loaded icon properties from org/apache/jmeter/images/icon.properties
2026-05-19 20:10:52,729 INFO o.a.j.JMeterGuiLauncher: Setting LAF to: com.github.weisj.darklaf.DarkLaf:com.github.weisj.darklaf.theme.DarculaTheme
